// Jest Snapshot v1, https://goo.gl/fbAQLP

exports[`shows score 1`] = `
Object {
  "asFragment": [Function],
  "baseElement": <body>
    <div>
      <div
        class="collapsed"
        id="scoreboard"
        role="button"
      >
        <div
          id="scores"
        >
          <p>
            Jack
            : 
            0
          </p>
          <p>
            Jill
            : 
            0
          </p>
        </div>
        <div
          id="points"
        >
          <div>
            <div>
              <p>
                Round 
                1
              </p>
              <ul>
                <li>
                  200
                  : 
                  0
                </li>
                <li>
                  400
                  : 
                  0
                </li>
                <li>
                  600
                  : 
                  0
                </li>
                <li>
                  800
                  : 
                  0
                </li>
                <li>
                  1000
                  : 
                  0
                </li>
              </ul>
            </div>
            <div>
              <p>
                Round 
                2
              </p>
              <ul>
                <li>
                  400
                  : 
                  0
                </li>
                <li>
                  800
                  : 
                  0
                </li>
                <li>
                  1200
                  : 
                  0
                </li>
                <li>
                  1600
                  : 
                  0
                </li>
                <li>
                  2000
                  : 
                  0
                </li>
              </ul>
            </div>
            <div>
              <p>
                Round 
                3
              </p>
              <ul>
                <li>
                  5000
                  : 
                  0
                </li>
              </ul>
            </div>
          </div>
          <div>
            <div>
              <p>
                Round 
                1
              </p>
              <ul>
                <li>
                  200
                  : 
                  0
                </li>
                <li>
                  400
                  : 
                  0
                </li>
                <li>
                  600
                  : 
                  0
                </li>
                <li>
                  800
                  : 
                  0
                </li>
                <li>
                  1000
                  : 
                  0
                </li>
              </ul>
            </div>
            <div>
              <p>
                Round 
                2
              </p>
              <ul>
                <li>
                  400
                  : 
                  0
                </li>
                <li>
                  800
                  : 
                  0
                </li>
                <li>
                  1200
                  : 
                  0
                </li>
                <li>
                  1600
                  : 
                  0
                </li>
                <li>
                  2000
                  : 
                  0
                </li>
              </ul>
            </div>
            <div>
              <p>
                Round 
                3
              </p>
              <ul>
                <li>
                  5000
                  : 
                  0
                </li>
              </ul>
            </div>
          </div>
        </div>
      </div>
    </div>
  </body>,
  "container": <div>
    <div
      class="collapsed"
      id="scoreboard"
      role="button"
    >
      <div
        id="scores"
      >
        <p>
          Jack
          : 
          0
        </p>
        <p>
          Jill
          : 
          0
        </p>
      </div>
      <div
        id="points"
      >
        <div>
          <div>
            <p>
              Round 
              1
            </p>
            <ul>
              <li>
                200
                : 
                0
              </li>
              <li>
                400
                : 
                0
              </li>
              <li>
                600
                : 
                0
              </li>
              <li>
                800
                : 
                0
              </li>
              <li>
                1000
                : 
                0
              </li>
            </ul>
          </div>
          <div>
            <p>
              Round 
              2
            </p>
            <ul>
              <li>
                400
                : 
                0
              </li>
              <li>
                800
                : 
                0
              </li>
              <li>
                1200
                : 
                0
              </li>
              <li>
                1600
                : 
                0
              </li>
              <li>
                2000
                : 
                0
              </li>
            </ul>
          </div>
          <div>
            <p>
              Round 
              3
            </p>
            <ul>
              <li>
                5000
                : 
                0
              </li>
            </ul>
          </div>
        </div>
        <div>
          <div>
            <p>
              Round 
              1
            </p>
            <ul>
              <li>
                200
                : 
                0
              </li>
              <li>
                400
                : 
                0
              </li>
              <li>
                600
                : 
                0
              </li>
              <li>
                800
                : 
                0
              </li>
              <li>
                1000
                : 
                0
              </li>
            </ul>
          </div>
          <div>
            <p>
              Round 
              2
            </p>
            <ul>
              <li>
                400
                : 
                0
              </li>
              <li>
                800
                : 
                0
              </li>
              <li>
                1200
                : 
                0
              </li>
              <li>
                1600
                : 
                0
              </li>
              <li>
                2000
                : 
                0
              </li>
            </ul>
          </div>
          <div>
            <p>
              Round 
              3
            </p>
            <ul>
              <li>
                5000
                : 
                0
              </li>
            </ul>
          </div>
        </div>
      </div>
    </div>
  </div>,
  "debug": [Function],
  "findAllByAltText": [Function],
  "findAllByDisplayValue": [Function],
  "findAllByLabelText": [Function],
  "findAllByPlaceholderText": [Function],
  "findAllByRole": [Function],
  "findAllByTestId": [Function],
  "findAllByText": [Function],
  "findAllByTitle": [Function],
  "findByAltText": [Function],
  "findByDisplayValue": [Function],
  "findByLabelText": [Function],
  "findByPlaceholderText": [Function],
  "findByRole": [Function],
  "findByTestId": [Function],
  "findByText": [Function],
  "findByTitle": [Function],
  "getAllByAltText": [Function],
  "getAllByDisplayValue": [Function],
  "getAllByLabelText": [Function],
  "getAllByPlaceholderText": [Function],
  "getAllByRole": [Function],
  "getAllByTestId": [Function],
  "getAllByText": [Function],
  "getAllByTitle": [Function],
  "getByAltText": [Function],
  "getByDisplayValue": [Function],
  "getByLabelText": [Function],
  "getByPlaceholderText": [Function],
  "getByRole": [Function],
  "getByTestId": [Function],
  "getByText": [Function],
  "getByTitle": [Function],
  "queryAllByAltText": [Function],
  "queryAllByDisplayValue": [Function],
  "queryAllByLabelText": [Function],
  "queryAllByPlaceholderText": [Function],
  "queryAllByRole": [Function],
  "queryAllByTestId": [Function],
  "queryAllByText": [Function],
  "queryAllByTitle": [Function],
  "queryByAltText": [Function],
  "queryByDisplayValue": [Function],
  "queryByLabelText": [Function],
  "queryByPlaceholderText": [Function],
  "queryByRole": [Function],
  "queryByTestId": [Function],
  "queryByText": [Function],
  "queryByTitle": [Function],
  "rerender": [Function],
  "unmount": [Function],
}
`;
